// Jest Snapshot v1, https://goo.gl/fbAQLP

exports[`CLI should convert html to elm 1`] = `
"div
    []
    [ text "Hello world" ]
"
`;

exports[`CLI should support all available options 1`] = `
"import Html
import Html.Attributes as H
import Svg
import Svg.Attributes as S

Html.section
  []
  [ Html.h1
    [ H.class "title" ]
    [ Html.text "Hello" ]
  , Html.div
    []
    [ Svg.svg
      [ S.width "600", S.height "400", S.viewBox "0 0 600 400" ]
      [ Svg.rect
        [ S.width "600", S.height "400", S.fill "#FFDA1A" ]
        []
      ]
    ]
  ]
"
`;
